
> site@0.0.1 build /home/soraa/site
> vite build

vite v7.3.1 building ssr environment for production...
transforming...
✓ 158 modules transformed.
rendering chunks...
vite v7.3.1 building client environment for production...
transforming...
✓ 158 modules transformed.
rendering chunks...
computing gzip size...
.svelte-kit/output/client/_app/version.json                        0.03 kB │ gzip:  0.05 kB
.svelte-kit/output/client/.vite/manifest.json                      3.86 kB │ gzip:  0.73 kB
.svelte-kit/output/client/_app/immutable/assets/0.QngdtUoW.css     7.97 kB │ gzip:  2.38 kB
.svelte-kit/output/client/_app/immutable/entry/start.Dumxsh1Y.js   0.08 kB │ gzip:  0.09 kB
.svelte-kit/output/client/_app/immutable/chunks/eyjMuGKj.js        0.32 kB │ gzip:  0.25 kB
.svelte-kit/output/client/_app/immutable/chunks/CgbLwRs0.js        0.40 kB │ gzip:  0.29 kB
.svelte-kit/output/client/_app/immutable/chunks/Dg3jGdRn.js        0.70 kB │ gzip:  0.45 kB
.svelte-kit/output/client/_app/immutable/nodes/1.BvS6o2-S.js       1.00 kB │ gzip:  0.58 kB
.svelte-kit/output/client/_app/immutable/chunks/BrKtlxJF.js        1.23 kB │ gzip:  0.69 kB
.svelte-kit/output/client/_app/immutable/chunks/D0jWuRdl.js        1.48 kB │ gzip:  0.66 kB
.svelte-kit/output/client/_app/immutable/nodes/3.C-lI05Rh.js       2.11 kB │ gzip:  0.92 kB
.svelte-kit/output/client/_app/immutable/nodes/2.B9czWHn6.js       3.37 kB │ gzip:  1.61 kB
.svelte-kit/output/client/_app/immutable/chunks/B0UfceH2.js        5.82 kB │ gzip:  2.70 kB
.svelte-kit/output/client/_app/immutable/nodes/0.6UZ1evvE.js       6.79 kB │ gzip:  3.11 kB
.svelte-kit/output/client/_app/immutable/entry/app.DbEcaO7z.js     7.11 kB │ gzip:  3.29 kB
.svelte-kit/output/client/_app/immutable/chunks/BGBRc8p7.js       23.15 kB │ gzip:  9.10 kB
.svelte-kit/output/client/_app/immutable/chunks/B9IyCcRH.js       26.36 kB │ gzip: 10.36 kB
✓ built in 474ms
.svelte-kit/output/server/.vite/manifest.json                           4.10 kB
.svelte-kit/output/server/_app/immutable/assets/_layout.QngdtUoW.css    7.97 kB
.svelte-kit/output/server/chunks/false.js                               0.05 kB
.svelte-kit/output/server/internal.js                                   0.35 kB
.svelte-kit/output/server/chunks/environment.js                         0.62 kB
.svelte-kit/output/server/chunks/utils.js                               1.15 kB
.svelte-kit/output/server/entries/fallbacks/error.svelte.js             1.41 kB
.svelte-kit/output/server/entries/pages/works/_page.svelte.js           2.52 kB
.svelte-kit/output/server/chunks/utils2.js                              3.14 kB
.svelte-kit/output/server/chunks/internal.js                            3.20 kB
.svelte-kit/output/server/entries/pages/_layout.svelte.js               3.31 kB
.svelte-kit/output/server/entries/pages/_page.svelte.js                 3.31 kB
.svelte-kit/output/server/chunks/attributes.js                          6.43 kB
.svelte-kit/output/server/chunks/exports.js                             7.02 kB
.svelte-kit/output/server/remote-entry.js                              19.01 kB
.svelte-kit/output/server/chunks/index.js                              42.16 kB
.svelte-kit/output/server/chunks/shared.js                             43.21 kB
.svelte-kit/output/server/chunks/root.js                               81.04 kB
.svelte-kit/output/server/index.js                                    135.37 kB
✓ built in 1.78s

Run npm run preview to preview your production build locally.

> Using @sveltejs/adapter-static
  Wrote site to "build"
  ✔ done
